[2019-11-02T02:29:53.122+0000][14748][gc] Using Concurrent Mark Sweep
[2019-11-02T02:29:53.122+0000][14748][gc,heap,coops] Heap address: 0x00000000e0000000, size: 512 MB, Compressed Oops mode: 32-bit
[2019-11-02T02:29:53.201+0000][14748][safepoint    ] Entering safepoint region: EnableBiasedLocking
[2019-11-02T02:29:53.202+0000][14748][safepoint    ] Leaving safepoint region
[2019-11-02T02:29:53.202+0000][14748][safepoint    ] Total time for which application threads were stopped: 0.0002115 seconds, Stopping threads took: 0.0001021 seconds
[2019-11-02T02:29:53.204+0000][14748][gc,heap,exit ] Heap
[2019-11-02T02:29:53.204+0000][14748][gc,heap,exit ]  par new generation   total 157248K, used 8386K [0x00000000e0000000, 0x00000000eaaa0000, 0x00000000eaaa0000)
[2019-11-02T02:29:53.204+0000][14748][gc,heap,exit ]   eden space 139776K,   6% used [0x00000000e0000000, 0x00000000e0830bd0, 0x00000000e8880000)
[2019-11-02T02:29:53.204+0000][14748][gc,heap,exit ]   from space 17472K,   0% used [0x00000000e8880000, 0x00000000e8880000, 0x00000000e9990000)
[2019-11-02T02:29:53.204+0000][14748][gc,heap,exit ]   to   space 17472K,   0% used [0x00000000e9990000, 0x00000000e9990000, 0x00000000eaaa0000)
[2019-11-02T02:29:53.204+0000][14748][gc,heap,exit ]  concurrent mark-sweep generation total 349568K, used 0K [0x00000000eaaa0000, 0x0000000100000000, 0x0000000100000000)
[2019-11-02T02:29:53.204+0000][14748][gc,heap,exit ]  Metaspace       used 152K, capacity 4480K, committed 4480K, reserved 1056768K
[2019-11-02T02:29:53.204+0000][14748][gc,heap,exit ]   class space    used 3K, capacity 384K, committed 384K, reserved 1048576K
[2019-11-02T02:29:53.204+0000][14748][safepoint    ] Application time: 0.0021208 seconds
[2019-11-02T02:29:53.204+0000][14748][safepoint    ] Entering safepoint region: Halt
